yejinchoi@mac ~ % git clone https://github.com/yejinannachoi/qtm350-quiz01
Cloning into 'qtm350-quiz01'...
remote: Enumerating objects: 8, done.
remote: Counting objects: 100% (8/8), done.
remote: Compressing objects: 100% (4/4), done.
remote: Total 8 (delta 0), reused 8 (delta 0), pack-reused 0 (from 0)
Receiving objects: 100% (8/8), done.
yejinchoi@mac ~ % cd qtm350-quiz01
yejinchoi@mac qtm350-quiz01 % touch commands.txt
yejinchoi@mac qtm350-quiz01 % git checkout -b feature-update
Switched to a new branch 'feature-update'
yejinchoi@mac qtm350-quiz01 % mkdir reports
yejinchoi@mac qtm350-quiz01 % touch reports/summary.md
yejinchoi@mac qtm350-quiz01 % echo "This document provides a summary of the project updates." >> reports/summary.md
yejinchoi@mac qtm350-quiz01 % git add reports
yejinchoi@mac qtm350-quiz01 % git commit -m "Add reports directory"
[feature-update 69d4325] Add reports directory
 1 file changed, 1 insertion(+)
 create mode 100644 reports/summary.md
yejinchoi@mac qtm350-quiz01 % touch reports/file{1..3}.txt
yejinchoi@mac qtm350-quiz01 % mv data/raw-data.csv data/input-data.csv
yejinchoi@mac qtm350-quiz01 % mkdir scripts/backup && cp scripts/*.py scripts/backup/
yejinchoi@mac qtm350-quiz01 % rm docs/documentation.md
yejinchoi@mac qtm350-quiz01 % git add . && git commit -m "Update project files"
[feature-update cd80211] Update project files
 12 files changed, 1 deletion(-)
 create mode 100644 .DS_Store
 rename data/raw-data.csv => commands.txt (100%)
 create mode 100644 data/.DS_Store
 create mode 100644 data/input-data.csv
 delete mode 100644 docs/documentation.md
 create mode 100644 reports/file1.txt
 create mode 100644 reports/file2.txt
 create mode 100644 reports/file3.txt
 create mode 100644 scripts/.DS_Store
 create mode 100644 scripts/backup/01-setup.py
 create mode 100644 scripts/backup/02-data-cleaning.py
 create mode 100644 scripts/backup/03-data-modelling.py
yejinchoi@mac qtm350-quiz01 % touch .gitignore
yejinchoi@mac qtm350-quiz01 % echo -e "temp/\ndataset0?.csv" >> .gitignore
yejinchoi@mac qtm350-quiz01 % cat .gitignore
temp/
dataset0?.csv
yejinchoi@mac qtm350-quiz01 % git add .gitignore && git commit -m "Add .gitignore file"
[feature-update 11c9255] Add .gitignore file
 1 file changed, 2 insertions(+)
 create mode 100644 .gitignore
yejinchoi@mac qtm350-quiz01 % git checkout main
Switched to branch 'main'
Your branch is up to date with 'origin/main'.
yejinchoi@mac qtm350-quiz01 % git merge feature-update
Updating 4258465..11c9255
Fast-forward
 .DS_Store                           | Bin 0 -> 8196 bytes
 .gitignore                          |   2 ++
 data/raw-data.csv => commands.txt   |   0
 data/.DS_Store                      | Bin 0 -> 6148 bytes
 data/input-data.csv                 |   0
 docs/documentation.md               |   1 -
 reports/file1.txt                   |   0
 reports/file2.txt                   |   0
 reports/file3.txt                   |   0
 reports/summary.md                  |   1 +
 scripts/.DS_Store                   | Bin 0 -> 6148 bytes
 scripts/backup/01-setup.py          |   0
 scripts/backup/02-data-cleaning.py  |   0
 scripts/backup/03-data-modelling.py |   0
 14 files changed, 3 insertions(+), 1 deletion(-)
 create mode 100644 .DS_Store
 create mode 100644 .gitignore
 rename data/raw-data.csv => commands.txt (100%)
 create mode 100644 data/.DS_Store
 create mode 100644 data/input-data.csv
 delete mode 100644 docs/documentation.md
 create mode 100644 reports/file1.txt
 create mode 100644 reports/file2.txt
 create mode 100644 reports/file3.txt
 create mode 100644 reports/summary.md
 create mode 100644 scripts/.DS_Store
 create mode 100644 scripts/backup/01-setup.py
 create mode 100644 scripts/backup/02-data-cleaning.py
 create mode 100644 scripts/backup/03-data-modelling.py