(base) chengruzou@ChengrudeMacBook-Pro ~ % git clone https://github.com/EricZou007/QTM350-Quiz1.git
Cloning into 'QTM350-Quiz1'...
remote: Enumerating objects: 8, done.
remote: Counting objects: 100% (8/8), done.
remote: Compressing objects: 100% (4/4), done.
remote: Total 8 (delta 0), reused 8 (delta 0), pack-reused 0 (from 0)
Unpacking objects: 100% (8/8), done.
(base) chengruzou@ChengrudeMacBook-Pro ~ % cd QTM350-Quiz1

(base) chengruzou@ChengrudeMacBook-Pro QTM350-Quiz1 % ls

README.md	data		docs		scripts
(base) chengruzou@ChengrudeMacBook-Pro QTM350-Quiz1 % nano commands.txt

(base) chengruzou@ChengrudeMacBook-Pro QTM350-Quiz1 % touch commands.txt

(base) chengruzou@ChengrudeMacBook-Pro QTM350-Quiz1 % git checkout -b feature-update

Switched to a new branch 'feature-update'
(base) chengruzou@ChengrudeMacBook-Pro QTM350-Quiz1 % git branch

* feature-update
  main
(base) chengruzou@ChengrudeMacBook-Pro QTM350-Quiz1 % mkdir reports

(base) chengruzou@ChengrudeMacBook-Pro QTM350-Quiz1 % touch reports/summary.md

(base) chengruzou@ChengrudeMacBook-Pro QTM350-Quiz1 % ls reports

summary.md
(base) chengruzou@ChengrudeMacBook-Pro QTM350-Quiz1 % echo "This document provides a summary of the project updates." > reports/summary.md

(base) chengruzou@ChengrudeMacBook-Pro QTM350-Quiz1 % cat reports/summary.md

This document provides a summary of the project updates.
(base) chengruzou@ChengrudeMacBook-Pro QTM350-Quiz1 % git add reports/

(base) chengruzou@ChengrudeMacBook-Pro QTM350-Quiz1 % git status

On branch feature-update
Changes to be committed:
  (use "git reset HEAD <file>..." to unstage)

	new file:   reports/summary.md

Untracked files:
  (use "git add <file>..." to include in what will be committed)

	commands.txt

(base) chengruzou@ChengrudeMacBook-Pro QTM350-Quiz1 % git commit -m "Add reports directory"

[feature-update 4e97e7f] Add reports directory
 1 file changed, 1 insertion(+)
 create mode 100644 reports/summary.md
(base) chengruzou@ChengrudeMacBook-Pro QTM350-Quiz1 % git log --oneline

4e97e7f (HEAD -> feature-update) Add reports directory
4258465 (origin/main, origin/HEAD, main) first commit
(base) chengruzou@ChengrudeMacBook-Pro QTM350-Quiz1 % touch reports/file{1..3}.txt

(base) chengruzou@ChengrudeMacBook-Pro QTM350-Quiz1 % ls reports

file1.txt	file2.txt	file3.txt	summary.md
(base) chengruzou@ChengrudeMacBook-Pro QTM350-Quiz1 % mv data/raw-data.csv data/input-data.csv

(base) chengruzou@ChengrudeMacBook-Pro QTM350-Quiz1 % ls data/

input-data.csv
(base) chengruzou@ChengrudeMacBook-Pro QTM350-Quiz1 % mkdir scripts/backup && cp scripts/*.py scripts/backup/

(base) chengruzou@ChengrudeMacBook-Pro QTM350-Quiz1 % ls scripts/backup/

01-setup.py		02-data-cleaning.py	03-data-modelling.py
(base) chengruzou@ChengrudeMacBook-Pro QTM350-Quiz1 % rm docs/documentation.md

(base) chengruzou@ChengrudeMacBook-Pro QTM350-Quiz1 % ls docs/

(base) chengruzou@ChengrudeMacBook-Pro QTM350-Quiz1 % git add .

(base) chengruzou@ChengrudeMacBook-Pro QTM350-Quiz1 % git commit -m "Update project files"

[feature-update ea60063] Update project files
 9 files changed, 1 deletion(-)
 rename data/raw-data.csv => commands.txt (100%)
 create mode 100644 data/input-data.csv
 delete mode 100644 docs/documentation.md
 create mode 100644 reports/file1.txt
 create mode 100644 reports/file2.txt
 create mode 100644 reports/file3.txt
 create mode 100644 scripts/backup/01-setup.py
 create mode 100644 scripts/backup/02-data-cleaning.py
 create mode 100644 scripts/backup/03-data-modelling.py
(base) chengruzou@ChengrudeMacBook-Pro QTM350-Quiz1 % git log --oneline

ea60063 (HEAD -> feature-update) Update project files
4e97e7f Add reports directory
4258465 (origin/main, origin/HEAD, main) first commit
(base) chengruzou@ChengrudeMacBook-Pro QTM350-Quiz1 % touch .gitignore

(base) chengruzou@ChengrudeMacBook-Pro QTM350-Quiz1 % ls -la

total 8
drwxr-xr-x  10 chengruzou  staff   320 Feb 12 16:21 .
drwxr-xr-x+ 78 chengruzou  staff  2496 Feb 12 16:21 ..
drwxr-xr-x  13 chengruzou  staff   416 Feb 12 16:21 .git
-rw-r--r--   1 chengruzou  staff     0 Feb 12 16:21 .gitignore
-rw-r--r--   1 chengruzou  staff  3349 Feb 12 16:09 README.md
-rw-r--r--   1 chengruzou  staff     0 Feb 12 16:12 commands.txt
drwxr-xr-x   3 chengruzou  staff    96 Feb 12 16:18 data
drwxr-xr-x   2 chengruzou  staff    64 Feb 12 16:20 docs
drwxr-xr-x   6 chengruzou  staff   192 Feb 12 16:17 reports
drwxr-xr-x   6 chengruzou  staff   192 Feb 12 16:19 scripts
(base) chengruzou@ChengrudeMacBook-Pro QTM350-Quiz1 % echo -e "temp/\ndataset0?.csv" >> .gitignore

(base) chengruzou@ChengrudeMacBook-Pro QTM350-Quiz1 % cat .gitignore

temp/
dataset0?.csv
(base) chengruzou@ChengrudeMacBook-Pro QTM350-Quiz1 % git add .gitignore && git commit -m "Add .gitignore file"

[feature-update f23188b] Add .gitignore file
 1 file changed, 2 insertions(+)
 create mode 100644 .gitignore
(base) chengruzou@ChengrudeMacBook-Pro QTM350-Quiz1 % git log --oneline

f23188b (HEAD -> feature-update) Add .gitignore file
ea60063 Update project files
4e97e7f Add reports directory
4258465 (origin/main, origin/HEAD, main) first commit
(base) chengruzou@ChengrudeMacBook-Pro QTM350-Quiz1 % git checkout main

Switched to branch 'main'
Your branch is up to date with 'origin/main'.
(base) chengruzou@ChengrudeMacBook-Pro QTM350-Quiz1 % git branch
  feature-update
* main
(base) chengruzou@ChengrudeMacBook-Pro QTM350-Quiz1 % git merge feature-update

Updating 4258465..f23188b
Fast-forward
 .gitignore                          | 2 ++
 data/raw-data.csv => commands.txt   | 0
 data/input-data.csv                 | 0
 docs/documentation.md               | 1 -
 reports/file1.txt                   | 0
 reports/file2.txt                   | 0
 reports/file3.txt                   | 0
 reports/summary.md                  | 1 +
 scripts/backup/01-setup.py          | 0
 scripts/backup/02-data-cleaning.py  | 0
 scripts/backup/03-data-modelling.py | 0
 11 files changed, 3 insertions(+), 1 deletion(-)
 create mode 100644 .gitignore
 rename data/raw-data.csv => commands.txt (100%)
 create mode 100644 data/input-data.csv
 delete mode 100644 docs/documentation.md
 create mode 100644 reports/file1.txt
 create mode 100644 reports/file2.txt
 create mode 100644 reports/file3.txt
 create mode 100644 reports/summary.md
 create mode 100644 scripts/backup/01-setup.py
 create mode 100644 scripts/backup/02-data-cleaning.py
 create mode 100644 scripts/backup/03-data-modelling.py
(base) chengruzou@ChengrudeMacBook-Pro QTM350-Quiz1 % >....                     temp/
dataset0?.csv
(base) chengruzou@ChengrudeMacBook-Pro QTM350-Quiz1 % git add .gitignore && git commit -m "Add .gitignore file"

[feature-update f23188b] Add .gitignore file
 1 file changed, 2 insertions(+)
 create mode 100644 .gitignore
(base) chengruzou@ChengrudeMacBook-Pro QTM350-Quiz1 % git log --oneline

f23188b (HEAD -> feature-update) Add .gitignore file
ea60063 Update project files
4e97e7f Add reports directory
4258465 (origin/main, origin/HEAD, main) first commit
(base) chengruzou@ChengrudeMacBook-Pro QTM350-Quiz1 % git checkout main

Switched to branch 'main'
Your branch is up to date with 'origin/main'.
(base) chengruzou@ChengrudeMacBook-Pro QTM350-Quiz1 % git branch
  feature-update
* main
(base) chengruzou@ChengrudeMacBook-Pro QTM350-Quiz1 % git merge feature-update

Updating 4258465..f23188b
Fast-forward
 .gitignore                          | 2 ++
 data/raw-data.csv => commands.txt   | 0
 data/input-data.csv                 | 0
 docs/documentation.md               | 1 -
 reports/file1.txt                   | 0
 reports/file2.txt                   | 0
 reports/file3.txt                   | 0
 reports/summary.md                  | 1 +
 scripts/backup/01-setup.py          | 0
 scripts/backup/02-data-cleaning.py  | 0
 scripts/backup/03-data-modelling.py | 0
 11 files changed, 3 insertions(+), 1 deletion(-)
 create mode 100644 .gitignore
 rename data/raw-data.csv => commands.txt (100%)
 create mode 100644 data/input-data.csv
 delete mode 100644 docs/documentation.md
 create mode 100644 reports/file1.txt
 create mode 100644 reports/file2.txt
 create mode 100644 reports/file3.txt
 create mode 100644 reports/summary.md
 create mode 100644 scripts/backup/01-setup.py
 create mode 100644 scripts/backup/02-data-cleaning.py
 create mode 100644 scripts/backup/03-data-modelling.py" >> commands.txt
