All commands for project workflow documented here.
Last login: Mon Sep 22 16:45:04 on ttys000
(base) symgg@symggs-MacBook-Pro ~ % git config --list
credential.helper=osxkeychain
filter.lfs.smudge=git-lfs smudge -- %f
filter.lfs.process=git-lfs filter-process
filter.lfs.required=true
filter.lfs.clean=git-lfs clean -- %f
user.name=SYTiffany
user.email=yyan754@emory.edu
(base) symgg@symggs-MacBook-Pro ~ %                               
git clone https://github.com/SYTiffany/QTM350-quiz1.git 
Cloning into 'QTM350-quiz1'...
remote: Enumerating objects: 8, done.
remote: Counting objects: 100% (8/8), done.
remote: Compressing objects: 100% (4/4), done.
remote: Total 8 (delta 0), reused 7 (delta 0), pack-reused 0 (from 0)
Receiving objects: 100% (8/8), done.
(base) symgg@symggs-MacBook-Pro ~ % cd repo-name

cd: no such file or directory: repo-name
(base) symgg@symggs-MacBook-Pro ~ % cd QTM350 quiz1
cd: string not in pwd: QTM350
(base) symgg@symggs-MacBook-Pro ~ % cd QTM350-quiz1
(base) symgg@symggs-MacBook-Pro QTM350-quiz1 % touch commands.txt

(base) symgg@symggs-MacBook-Pro QTM350-quiz1 % ls

README.md	commands.txt	data		docs		scripts
(base) symgg@symggs-MacBook-Pro QTM350-quiz1 % git checkout -b feature-update

Switched to a new branch 'feature-update'
(base) symgg@symggs-MacBook-Pro QTM350-quiz1 % mkdir reports

(base) symgg@symggs-MacBook-Pro QTM350-quiz1 % cd reports

(base) symgg@symggs-MacBook-Pro reports % touch summary.md

(base) symgg@symggs-MacBook-Pro reports % echo "This document provides a summary of the project updates." > summary.md

(base) symgg@symggs-MacBook-Pro reports % cat summary.md

This document provides a summary of the project updates.
(base) symgg@symggs-MacBook-Pro reports % git add reports

fatal: pathspec 'reports' did not match any files
(base) symgg@symggs-MacBook-Pro reports % git commit -m "Add reports directory"

On branch feature-update
Untracked files:
  (use "git add <file>..." to include in what will be committed)
	../commands.txt
	./

nothing added to commit but untracked files present (use "git add" to track)
(base) symgg@symggs-MacBook-Pro reports % touch file{1..3}.txt

(base) symgg@symggs-MacBook-Pro reports % mv data/raw-data.csv data/input-data.csv

mv: rename data/raw-data.csv to data/input-data.csv: No such file or directory
(base) symgg@symggs-MacBook-Pro reports % pwd
ls

/Users/symgg/QTM350-quiz1/reports
file1.txt	file2.txt	file3.txt	summary.md
(base) symgg@symggs-MacBook-Pro reports % ls data

ls: data: No such file or directory
(base) symgg@symggs-MacBook-Pro reports % cd ..

(base) symgg@symggs-MacBook-Pro QTM350-quiz1 % pwd
ls

/Users/symgg/QTM350-quiz1
README.md	commands.txt	data		docs		reports		scripts
(base) symgg@symggs-MacBook-Pro QTM350-quiz1 % mv data/raw-data.csv data/input-data.csv

(base) symgg@symggs-MacBook-Pro QTM350-quiz1 % mkdir -p scripts/backup && cp scripts/*.py scripts/backup/

(base) symgg@symggs-MacBook-Pro QTM350-quiz1 % rm docs/documentation.md

(base) symgg@symggs-MacBook-Pro QTM350-quiz1 % git add .

(base) symgg@symggs-MacBook-Pro QTM350-quiz1 % git commit -m "Update project files"

[feature-update c3c7e59] Update project files
 10 files changed, 1 insertion(+), 1 deletion(-)
 rename data/raw-data.csv => commands.txt (100%)
 create mode 100644 data/input-data.csv
 delete mode 100644 docs/documentation.md
 create mode 100644 reports/file1.txt
 create mode 100644 reports/file2.txt
 create mode 100644 reports/file3.txt
 create mode 100644 reports/summary.md
 create mode 100644 scripts/backup/01-setup.py
 create mode 100644 scripts/backup/02-data-cleaning.py
 create mode 100644 scripts/backup/03-data-modelling.py
(base) symgg@symggs-MacBook-Pro QTM350-quiz1 % git status

On branch feature-update
nothing to commit, working tree clean
(base) symgg@symggs-MacBook-Pro QTM350-quiz1 % touch .gitignore

(base) symgg@symggs-MacBook-Pro QTM350-quiz1 % git add .gitignore
git commit -m "Add .gitignore"

[feature-update 246c55e] Add .gitignore
 1 file changed, 0 insertions(+), 0 deletions(-)
 create mode 100644 .gitignore
(base) symgg@symggs-MacBook-Pro QTM350-quiz1 % echo "temp/" >> .gitignore
echo "dataset0?.csv" >> .gitignore

(base) symgg@symggs-MacBook-Pro QTM350-quiz1 % git add .gitignore
git commit -m "Update .gitignore with temp and dataset patterns"

[feature-update b18eb1f] Update .gitignore with temp and dataset patterns
 1 file changed, 2 insertions(+)
(base) symgg@symggs-MacBook-Pro QTM350-quiz1 % cat .gitignore && git add .gitignore && git commit -m "Add .gitignore file"

temp/
dataset0?.csv
On branch feature-update
nothing to commit, working tree clean
(base) symgg@symggs-MacBook-Pro QTM350-quiz1 % git checkout main

Switched to branch 'main'
Your branch is up to date with 'origin/main'.
(base) symgg@symggs-MacBook-Pro QTM350-quiz1 % git merge feature-update

Updating 4ba1160..b18eb1f
Fast-forward
 .gitignore                          | 2 ++
 data/raw-data.csv => commands.txt   | 0
 data/input-data.csv                 | 0
 docs/documentation.md               | 1 -
 reports/file1.txt                   | 0
 reports/file2.txt                   | 0
 reports/file3.txt                   | 0
 reports/summary.md                  | 1 +
 scripts/backup/01-setup.py          | 0
 scripts/backup/02-data-cleaning.py  | 0
 scripts/backup/03-data-modelling.py | 0
 11 files changed, 3 insertions(+), 1 deletion(-)
 create mode 100644 .gitignore
 rename data/raw-data.csv => commands.txt (100%)
 create mode 100644 data/input-data.csv
 delete mode 100644 docs/documentation.md
 create mode 100644 reports/file1.txt
 create mode 100644 reports/file2.txt
 create mode 100644 reports/file3.txt
 create mode 100644 reports/summary.md
 create mode 100644 scripts/backup/01-setup.py
 create mode 100644 scripts/backup/02-data-cleaning.py
 create mode 100644 scripts/backup/03-data-modelling.py
(base) symgg@symggs-MacBook-Pro QTM350-quiz1 % echo "All commands for project workflow documented here." >> commands.txt

(base) symgg@symggs-MacBook-Pro QTM350-quiz1 % git add commands.txt

(base) symgg@symggs-MacBook-Pro QTM350-quiz1 % git commit -m "Update commands.txt with full project workflow"

[main a23cd82] Update commands.txt with full project workflow
 1 file changed, 1 insertion(+)
(base) symgg@symggs-MacBook-Pro QTM350-quiz1 % git push origin main

Username for 'https://github.com': SYTiffany
Password for 'https://SYTiffany@github.com': 
remote: {"auth_status":"auth_error","body":"Invalid username or token. Password authentication is not supported for Git operations."}
fatal: Authentication failed for 'https://github.com/SYTiffany/QTM350-quiz1.git/'
(base) symgg@symggs-MacBook-Pro QTM350-quiz1 % git push origin main

Username for 'https://github.com': SYTiffany
Password for 'https://SYTiffany@github.com': 
remote: {"auth_status":"auth_error","body":"Invalid username or token. Password authentication is not supported for Git operations."}
fatal: Authentication failed for 'https://github.com/SYTiffany/QTM350-quiz1.git/'
(base) symgg@symggs-MacBook-Pro QTM350-quiz1 % git push origin main

Username for 'https://github.com': SYTiffany
Password for 'https://SYTiffany@github.com': 
remote: {"auth_status":"auth_error","body":"Invalid username or token. Password authentication is not supported for Git operations."}
fatal: Authentication failed for 'https://github.com/SYTiffany/QTM350-quiz1.git/'
(base) symgg@symggs-MacBook-Pro QTM350-quiz1 % git remote set-url origin git@github.com:SYTiffany/QTM350-quiz1.git

(base) symgg@symggs-MacBook-Pro QTM350-quiz1 % git push origin main

The authenticity of host 'github.com (140.82.114.4)' can't be established.
ED25519 key fingerprint is SHA256:+DiY3wvvV6TuJJhbpZisF/zLDA0zPMSvHdkr4UvCOqU.
This key is not known by any other names
Are you sure you want to continue connecting (yes/no/[fingerprint])? yes
Warning: Permanently added 'github.com' (ED25519) to the list of known hosts.
git@github.com: Permission denied (publickey).
fatal: Could not read from remote repository.

Please make sure you have the correct access rights
and the repository exists.
(base) symgg@symggs-MacBook-Pro QTM350-quiz1 % eval "$(ssh-agent -s)"

Agent pid 32300
(base) symgg@symggs-MacBook-Pro QTM350-quiz1 % ssh-add ~/.ssh/id_ed25519

/Users/symgg/.ssh/id_ed25519: No such file or directory
(base) symgg@symggs-MacBook-Pro QTM350-quiz1 % ssh-keygen -t ed25519 -C "your_email@example.com"

Generating public/private ed25519 key pair.
Enter file in which to save the key (/Users/symgg/.ssh/id_ed25519): eval "$(ssh-agent -s)"
ssh-add ~/.ssh/id_ed25519
Enter passphrase (empty for no passphrase): 
Enter same passphrase again: 
Your identification has been saved in eval "$(ssh-agent -s)"
Your public key has been saved in eval "$(ssh-agent -s)".pub
The key fingerprint is:
SHA256:5vyGRFTXGuAhg/YtZYB6IWrYEs2K+l+DuMAGuqsTg/4 your_email@example.com
The key's randomart image is:
+--[ED25519 256]--+
| o     o+o+...   |
|. o . = .+oo. .  |
|.= . + + +.  o   |
|= + . . + . .    |
|+o   . .S.       |
|O  . . +.        |
|+*. . o.o.       |
|o+.. . ....      |
|=ooE.    ..      |
+----[SHA256]-----+
(base) symgg@symggs-MacBook-Pro QTM350-quiz1 % ssh -T git@github.com

git@github.com: Permission denied (publickey).
(base) symgg@symggs-MacBook-Pro QTM350-quiz1 % ls -al ~/.ssh

total 8
drwx------   3 symgg  staff    96 Sep 24 16:24 .
drwxr-x---+ 61 symgg  staff  1952 Sep 24 16:24 ..
-rw-r--r--   1 symgg  staff    92 Sep 24 16:24 known_hosts
(base) symgg@symggs-MacBook-Pro QTM350-quiz1 % ssh-keygen -t ed25519 -C "your_email@example.com"

Generating public/private ed25519 key pair.
Enter file in which to save the key (/Users/symgg/.ssh/id_ed25519): eval "$(ssh-agent -s)"
ssh-add ~/.ssh/id_ed25519
eval "$(ssh-agent -s)" already exists.
Overwrite (y/n)? %                                                                               (base) symgg@symggs-MacBook-Pro QTM350-quiz1 % 
(base) symgg@symggs-MacBook-Pro QTM350-quiz1 % 
(base) symgg@symggs-MacBook-Pro QTM350-quiz1 % cat ~/.ssh/id_ed25519.pub

cat: /Users/symgg/.ssh/id_ed25519.pub: No such file or directory
(base) symgg@symggs-MacBook-Pro QTM350-quiz1 % cat ~/.ssh/ed25519.pub 

cat: /Users/symgg/.ssh/ed25519.pub: No such file or directory
(base) symgg@symggs-MacBook-Pro QTM350-quiz1 % ~/.ssh/id_ed25519       ← private key
~/.ssh/id_ed25519.pub   ← public key

zsh: no such file or directory: /Users/symgg/.ssh/id_ed25519
zsh: no such file or directory: /Users/symgg/.ssh/id_ed25519.pub
(base) symgg@symggs-MacBook-Pro QTM350-quiz1 % git push origin main
git@github.com: Permission denied (publickey).
fatal: Could not read from remote repository.

Please make sure you have the correct access rights
and the repository exists.
(base) symgg@symggs-MacBook-Pro QTM350-quiz1 % git remote -v

origin	git@github.com:SYTiffany/QTM350-quiz1.git (fetch)
origin	git@github.com:SYTiffany/QTM350-quiz1.git (push)
(base) symgg@symggs-MacBook-Pro QTM350-quiz1 % git remote set-url origin https://github.com/SYTiffany/QTM350-quiz1.git

(base) symgg@symggs-MacBook-Pro QTM350-quiz1 % git push origin main

Username for 'https://github.com': SYTiffany
Password for 'https://SYTiffany@github.com': 
remote: {"auth_status":"auth_error","body":"Invalid username or token. Password authentication is not supported for Git operations."}
fatal: Authentication failed for 'https://github.com/SYTiffany/QTM350-quiz1.git/'
(base) symgg@symggs-MacBook-Pro QTM350-quiz1 % git push origin main

Username for 'https://github.com': SYTiffany
Password for 'https://SYTiffany@github.com': 
remote: {"auth_status":"access_denied_to_user","body":"Permission to SYTiffany/QTM350-quiz1.git denied to SYTiffany."}
fatal: unable to access 'https://github.com/SYTiffany/QTM350-quiz1.git/': The requested URL returned error: 403
(base) symgg@symggs-MacBook-Pro QTM350-quiz1 % git remote -v

origin	https://github.com/SYTiffany/QTM350-quiz1.git (fetch)
origin	https://github.com/SYTiffany/QTM350-quiz1.git (push)
(base) symgg@symggs-MacBook-Pro QTM350-quiz1 % git credential-cache exit
git credential-manager uninstall  # if installed

git: 'credential-manager' is not a git command. See 'git --help'.
(base) symgg@symggs-MacBook-Pro QTM350-quiz1 % git push origin main

Username for 'https://github.com': SYTiffany
Password for 'https://SYTiffany@github.com': 
remote: {"auth_status":"auth_error","body":"Invalid username or token. Password authentication is not supported for Git operations."}
fatal: Authentication failed for 'https://github.com/SYTiffany/QTM350-quiz1.git/'
(base) symgg@symggs-MacBook-Pro QTM350-quiz1 % git push origin main

Username for 'https://github.com': SYTiffany
Password for 'https://SYTiffany@github.com': 
remote: {"auth_status":"access_denied_to_user","body":"Permission to SYTiffany/QTM350-quiz1.git denied to SYTiffany."}
fatal: unable to access 'https://github.com/SYTiffany/QTM350-quiz1.git/': The requested URL returned error: 403
(base) symgg@symggs-MacBook-Pro QTM350-quiz1 % ls

README.md			eval "$(ssh-agent -s)"		scripts
commands.txt			eval "$(ssh-agent -s)".pub
data				reports
(base) symgg@symggs-MacBook-Pro QTM350-quiz1 % nano commands.txt

(base) symgg@symggs-MacBook-Pro QTM350-quiz1 % open -e commands.txt

(base) symgg@symggs-MacBook-Pro QTM350-quiz1 % git remote set-url origin https://github.com/SYTiffany/QTM350-quiz1.git
git push origin main

Username for 'https://github.com': SYTiffany
Password for 'https://SYTiffany@github.com': 
remote: {"auth_status":"access_denied_to_user","body":"Permission to SYTiffany/QTM350-quiz1.git denied to SYTiffany."}
fatal: unable to access 'https://github.com/SYTiffany/QTM350-quiz1.git/': The requested URL returned error: 403
(base) symgg@symggs-MacBook-Pro QTM350-quiz1 % git remote set-url origin https://SYTiffany@github.com/SYTiffany/QTM350-quiz1.git

(base) symgg@symggs-MacBook-Pro QTM350-quiz1 % git push origin main

Password for 'https://SYTiffany@github.com': 
remote: {"auth_status":"auth_error","body":"Invalid username or token. Password authentication is not supported for Git operations."}
fatal: Authentication failed for 'https://github.com/SYTiffany/QTM350-quiz1.git/'
(base) symgg@symggs-MacBook-Pro QTM350-quiz1 % git push
Password for 'https://SYTiffany@github.com': 
remote: {"auth_status":"auth_error","body":"Invalid username or token. Password authentication is not supported for Git operations."}
fatal: Authentication failed for 'https://github.com/SYTiffany/QTM350-quiz1.git/'
(base) symgg@symggs-MacBook-Pro QTM350-quiz1 % git push -u origin master
error: src refspec master does not match any
error: failed to push some refs to 'https://github.com/SYTiffany/QTM350-quiz1.git'
(base) symgg@symggs-MacBook-Pro QTM350-quiz1 % git push -u origin                  
Password for 'https://SYTiffany@github.com': 
remote: {"auth_status":"auth_error","body":"Invalid username or token. Password authentication is not supported for Git operations."}
fatal: Authentication failed for 'https://github.com/SYTiffany/QTM350-quiz1.git/'
(base) symgg@symggs-MacBook-Pro QTM350-quiz1 % git push -u origin
Password for 'https://SYTiffany@github.com': 
remote: {"auth_status":"auth_error","body":"Invalid username or token. Password authentication is not supported for Git operations."}
fatal: Authentication failed for 'https://github.com/SYTiffany/QTM350-quiz1.git/'
(base) symgg@symggs-MacBook-Pro QTM350-quiz1 % git push -u origin
Password for 'https://SYTiffany@github.com': 
remote: {"auth_status":"auth_error","body":"Invalid username or token. Password authentication is not supported for Git operations."}
fatal: Authentication failed for 'https://github.com/SYTiffany/QTM350-quiz1.git/'
(base) symgg@symggs-MacBook-Pro QTM350-quiz1 % git push -u origin
Password for 'https://SYTiffany@github.com': 
Enumerating objects: 17, done.
Counting objects: 100% (17/17), done.
Delta compression using up to 8 threads
Compressing objects: 100% (12/12), done.
Writing objects: 100% (14/14), 1.37 KiB | 1.38 MiB/s, done.
Total 14 (delta 4), reused 0 (delta 0), pack-reused 0 (from 0)
remote: Resolving deltas: 100% (4/4), completed with 1 local object.
To https://github.com/SYTiffany/QTM350-quiz1.git
   4ba1160..a23cd82  main -> main
branch 'main' set up to track 'origin/main'.
(base) symgg@symggs-MacBook-Pro QTM350-quiz1 % 
